LET()
IDENTIFIER(f)
EQUAL()
FUNCTION()
IDENTIFIER(a)
ARROW()
IDENTIFIER(a)
MULTIPLY()
INT_LIT(2)
DIVIDER()
