LET()
IDENTIFIER(a)
EQUAL()
INT_LIT(1)
IN()
IDENTIFIER(a)
PLUS()
INT_LIT(1)
DIVIDER()
