TYPE()
IDENTIFIER(point)
EQUAL()
OPEN_CURLY()
IDENTIFIER(x)
COLON()
IDENTIFIER(float)
CLOSE_CURLY()