ARRAY_OPEN()
INT_LIT(1)
COMMA()
INT_LIT(2)
ARRAY_CLOSE()