DOUBLE_PLUS()
DOUBLE_MINUS()
DOUBLE_MULTIPLY()
DOUBLE_DIVIDE()