TYPE()TYPE_PARAM('a)IDENTIFIER(tree)EQUAL()CONSTR_IDENTIFIER(Leaf)LINE()CONSTR_IDENTIFIER(Node)OF()TYPE_PARAM('a)MULTIPLY()TYPE_PARAM('a)IDENTIFIER(tree)MULTIPLY()TYPE_PARAM('a)IDENTIFIER(tree)