LET()
IDENTIFIER(a)
EQUAL()
INT_LIT(1)
PLUS()
INT_LIT(1)