INT_LIT(10)
PLUS()
OPEN_PARENTETHES()
INT_LIT(10)
MULTIPLY()
INT_LIT(10)
CLOSE_PARENTETHES()