Let()
IdentifierLowecaseIndent(a)
Equal()
IntLiteral(1)