Let()
IdentifierLowecaseIndent(a)
Equal()
IntLiteral(1)
Plus()
IntLiteral(1)