Program(List(Assignment(Identifier(i),StringLit(hej))))