Program(
    List(
        Assignment(
            Identifier(f),
            LetBinding(
                Identifier(a),
                LetBinding(
                    Identifier(b),
                    OperatorExpr(
                        Identifier(a),
                        Identifier(b),
                        Plus()
                    )
                )
            )
        ),
        Substitutions(
            Substitutions(
                Identifier(f),
                IntLit(1)
            ),
            IntLit(1)
        )
    )
)