Program(
    List(
        Assignment(
            Identifier(add),
            LetBinding(
                Identifier(a),
                OperatorExpr(
                    Identifier(a),
                    IntLit(2),
                    Multiply()
                )
            )
        ),
        Assignment(
            Identifier(add),
            LetBinding(
                Identifier(a),
                OperatorExpr(
                    Identifier(a),
                    IntLit(2),
                    Multiply()
                )
            )
        )
    )
)