Program(
    List(
        OperatorExpr(
            IntLit(1),
            IntLit(3),
            Plus()
        )
    )
)