Program(
    List(
        Assignment(
            Identifier(add),
            LetBinding(
                Identifier(a, unit),
                IntLit(1)
            )
        )
    )
)