Program(
    List(
        Assignment(
            Identifier(a),If(Bool(true),IntLit(1),IntLit(2))
        )
    )
)