Program(
    List(
        TypeDeclaration(
            generic,
            TypeFieldDeclarations(
                List(
                    TypeFieldDeclaration(
                        left,TypePrimitive(a)
                    )
                )
            ),
            List(
                TypeOption('a)
            )
        )
))