Program(
    List(
        TypeDeclaration(a,
        TypeEquation(
            TypeTuple(
                List(
                    TypePrimitive(float),
                    TypePrimitive(float)
                )
            )
        ),
        List()
    )
)
)