Program(
    List(
        OperatorExpr(
            OperatorExpr(
                IntLit(1),
                OperatorExpr(
                    IntLit(2),
                    IntLit(3),
                    Plus()
                ),
                Multiply()
            ),
            IntLit(4),
            Plus()
        )
    )
)