Program(List(TypeDeclaration(tree,TypeConstraints(List(TypeConstraint(Leaf,None),TypeConstraint(Node,Some(TypeTuple(List(TypeOption('a),TypeUsage(tree,List(TypeOption('a))),TypeUsage(tree,List(TypeOption('a))))))))),List(TypeOption('a))),Assignment(Identifier(t),Constructor(Node,Tuple(List(IntLit(4),Constructor(Node,Tuple(List(IntLit(1),Constructor(Leaf,Unit()),Constructor(Leaf,Unit())))),Constructor(Leaf,Unit())))))))