Program(List(OperatorExpr(FloatLit(0.1),FloatLit(0.2),Plus())))