AnalyzerResult(
    Integer(),
    Enviroment(
        List(
            ValEntry(
                Identifier(g),
                Function(Integer(),Integer())
            ),
            ValEntry(
                Identifier(f),
                Function(Integer(),Integer())
            )
        )
    )
)