AnalyzerResult(
    Function(
        Integer(),Bool()
    ),
    Enviroment(
        List(
            ValEntry(
                Identifier(p),
                Function(
                    Integer(),
                    Bool()
                )
            )
        )
    )
)