AnalyzerResult(
    Integer(),
    Enviroment(
        List(
            EnviromentEntry(
                Identifier(a),Integer()
            ),
            EnviromentEntry(
                Identifier(b),
                Integer()
            )
        )
    )
)