AnalyzerResult(Unit(),Enviroment(List(TypeEntry(Identifier(color),Constraints(color,List(Constraint(RED,None,List()),Constraint(GREEN,None,List()),Constraint(RGB,Some(Tuple(List(Integer(),Integer(),Integer()),List())),List())),List())))))