AnalyzerResult(Constraint(RGB,Some(Tuple(List(Integer(),Integer(),Integer()),List())),List()),Enviroment(List(TypeEntry(Identifier(color),Constraints(color,List(Constraint(YELLOW,None,List()),Constraint(RGB,Some(Tuple(List(Integer(),Integer(),Integer()),List())),List())),List())),ValEntry(Identifier(red),Constraint(RGB,Some(Tuple(List(Integer(),Integer(),Integer()),List())),List())))))