AnalyzerResult(ArrayList(Integer()),Enviroment(List()))