AnalyzerResult(
    Integer(),
    Enviroment(
        List(
            ValEntry(
                Identifier(p),
                ArrayList(Integer())
            )
        )
    )
)