AnalyzerResult(Double(),Enviroment(List(ValEntry(Identifier(i),Double()))))