AnalyzerResult(
    Integer(),
    Enviroment(
        List(
            ValEntry(
                Identifier(a),
                Integer()
            ),
            ValEntry(
                Identifier(b),
                Integer()
            ),
            ValEntry(
                Identifier(c),
                Integer()
            )
        )
    )
)