AnalyzerResult(Unit(),Enviroment(List(TypeEntry(Identifier(a),Integer()),TypeEntry(Identifier(b),Integer()))))