AnalyzerResult(Constraint(Node,Some(Tuple(List(Integer(),Constraint(Node,Some(Tuple(List(Integer(),Constraint(Leaf,Some(Unit()),List(Integer())),Constraint(Leaf,Some(Unit()),List(Integer()))),List())),List(Integer())),Constraint(Leaf,Some(Unit()),List(Integer()))),List())),List(Integer())),Enviroment(List(TypeEntry(Identifier(tree),Constraints(tree,List(Constraint(Leaf,None,List('a)),Constraint(Node,Some(Tuple(List(Unknown('a),CustomType(tree,List('a)),CustomType(tree,List('a))),List())),List('a))),List('a))),ValEntry(Identifier(t),Constraint(Node,Some(Tuple(List(Integer(),Constraint(Node,Some(Tuple(List(Integer(),Constraint(Leaf,Some(Unit()),List(Integer())),Constraint(Leaf,Some(Unit()),List(Integer()))),List())),List(Integer())),Constraint(Leaf,Some(Unit()),List(Integer()))),List())),List(Integer()))))))