AnalyzerResult(
    Integer(),
    Enviroment(
        List(
                EnviromentEntry(
                    Identifier(f),
                    Function(
                        Unknown('a),
                        Unknown('a)
                )
            )
        )
    )
)