AnalyzerResult(
    Integer(),
    Enviroment(
        List(
            ValEntry(
                Identifier(g),
                Integer()
            ),
            ValEntry(
                Identifier(f),
                Function(Unknown('a),Integer())
            )
        )
    )
)