AnalyzerResult(
    Integer(),
    Enviroment(
        List(
            EnviromentEntry(
                Identifier(f),
                    Function(List(Integer(),Integer()),Integer()))
                )
            )
        )