Program(List(Assignment(Identifier(a,int),IntLit(1))))